// Jest Snapshot v1, https://goo.gl/fbAQLP

exports[`testing <Main /> component should render heading 1`] = `
<div>
  <main>
    <h2>
      React Avan√ßado
    </h2>
  </main>
</div>
`
